// Jest Snapshot v1, https://goo.gl/fbAQLP

exports[`<Footer/> renders correctly 1`] = `
<View
  style={
    Object {
      "bottom": 64,
      "position": "absolute",
      "width": "100%",
    }
  }
>
  <View
    style={
      Object {
        "alignItems": "center",
        "flexDirection": "row",
        "justifyContent": "center",
      }
    }
  >
    <Text
      accessible={true}
      allowFontScaling={true}
      ellipsizeMode="tail"
    >
      hello
    </Text>
  </View>
</View>
`;
