// Jest Snapshot v1, https://goo.gl/fbAQLP

exports[`<Form/> renders correctly 1`] = `
<View
  style={
    Object {
      "flex": 1,
    }
  }
>
  <View
    style={
      Object {
        "margin": 64,
        "marginBottom": 0,
      }
    }
  >
    <Text
      accessible={true}
      allowFontScaling={true}
      ellipsizeMode="tail"
    >
      hello
    </Text>
  </View>
</View>
`;
