// Jest Snapshot v1, https://goo.gl/fbAQLP

exports[`<Input /> renders correctly 1`] = `
<View
  style={
    Object {
      "borderBottomColor": "#e0e0e0",
      "borderBottomWidth": 1,
      "flexDirection": "row",
      "height": 104,
    }
  }
>
  <View
    style={
      Array [
        Object {
          "justifyContent": "center",
        },
        Object {
          "width": 88,
        },
      ]
    }
  >
    <Text
      accessible={true}
      allowFontScaling={true}
      ellipsizeMode="tail"
      style={
        Array [
          Object {
            "color": "#212121",
            "fontSize": 28,
            "textAlign": "justify",
          },
          Object {
            "justifyContent": "space-between",
          },
        ]
      }
    >
      账号
    </Text>
  </View>
  <View
    style={
      Array [
        Object {
          "flex": 1,
          "justifyContent": "center",
        },
      ]
    }
  >
    <TextInput
      allowFontScaling={true}
      onChangeText={[Function]}
      placeholder="请输入姓名"
      placeholderTextColor="#757575"
      style={
        Object {
          "fontSize": 28,
        }
      }
      underlineColorAndroid="transparent"
    />
  </View>
</View>
`;
